gcc -v main.c -o compilatio.exe -D GLFW_DLL -I./Libs/glfw-3.4.bin.WIN64/include ./Libs/glfw-3.4.bin.WIN64/lib-mingw-w64/libglfw3dll.a -lgdi32 -Wall  
Using built-in specs.
COLLECT_GCC=gcc
COLLECT_LTO_WRAPPER=C:/Users/famal/msys2/ucrt64/bin/../lib/gcc/x86_64-w64-mingw32/16.1.0/lto-wrapper.exe
Target: x86_64-w64-mingw32
Configured with: ../gcc-16.1.0/configure --prefix=/ucrt64 --with-local-prefix=/ucrt64/local --libexecdir=/ucrt64/lib --enable-bootstrap --enable-checking=release --with-arch=nocona --with-tune=generic --enable-mingw-wildcard --enable-languages=c,c++,ada,fortran,lto,objc,obj-c++,jit --enable-shared --enable-static --enable-libatomic --enable-threads=posix --enable-tls --enable-graphite --enable-fully-dynamic-string --enable-libstdcxx-backtrace=yes --enable-libstdcxx-filesystem-ts --enable-libstdcxx-time --disable-libstdcxx-pch --enable-libgomp --disable-libssp --disable-multilib --disable-rpath --disable-win32-registry --disable-nls --disable-werror --disable-symvers --with-libiconv --with-system-zlib --with-gmp=/ucrt64 --with-mpfr=/ucrt64 --with-mpc=/ucrt64 --with-isl=/ucrt64 --with-pkgversion='Rev5, Built by MSYS2 project' --with-bugurl=https://github.com/msys2/MINGW-packages/issues --with-gnu-as --with-gnu-ld --with-libstdcxx-zoneinfo=yes --disable-libstdcxx-debug --enable-lto --with-boot-ldflags=-static-libstdc++ --with-stage1-ldflags=-static-libstdc++
Thread model: posix
Supported LTO compression algorithms: zlib zstd
gcc version 16.1.0 (Rev5, Built by MSYS2 project) 
COLLECT_GCC_OPTIONS='-v' '-o' 'compilatio.exe' '-D' 'GLFW_DLL' '-I' './Libs/glfw-3.4.bin.WIN64/include' '-Wall' '-mtune=generic' '-march=nocona' '-dumpdir' 'compilatio-'
 C:/Users/famal/msys2/ucrt64/bin/../lib/gcc/x86_64-w64-mingw32/16.1.0/cc1.exe -quiet -v -I ./Libs/glfw-3.4.bin.WIN64/include -iprefix C:/Users/famal/msys2/ucrt64/bin/../lib/gcc/x86_64-w64-mingw32/16.1.0/ -D_REENTRANT -D GLFW_DLL main.c -quiet -dumpdir compilatio- -dumpbase main.c -dumpbase-ext .c -mtune=generic -march=nocona -Wall -version -o C:\Users\famal\AppData\Local\Temp\cc8L2y7Z.s
GNU C23 (Rev5, Built by MSYS2 project) version 16.1.0 (x86_64-w64-mingw32)
	compiled by GNU C version 16.1.0, GMP version 6.3.0, MPFR version 4.2.2, MPC version 1.4.1, isl version isl-0.28-GMP

GGC heuristics: --param ggc-min-expand=100 --param ggc-min-heapsize=131072
ignoring nonexistent directory "C:/Users/famal/msys2/ucrt64/bin/../lib/gcc/x86_64-w64-mingw32/16.1.0/../../../../x86_64-w64-mingw32/include"
ignoring duplicate directory "C:/Users/famal/msys2/ucrt64/lib/gcc/../../lib/gcc/x86_64-w64-mingw32/16.1.0/include"
ignoring nonexistent directory "D:/M/msys64/ucrt64/include"
ignoring nonexistent directory "/ucrt64/include"
ignoring duplicate directory "C:/Users/famal/msys2/ucrt64/lib/gcc/../../lib/gcc/x86_64-w64-mingw32/16.1.0/include-fixed"
ignoring nonexistent directory "C:/Users/famal/msys2/ucrt64/lib/gcc/../../lib/gcc/x86_64-w64-mingw32/16.1.0/../../../../x86_64-w64-mingw32/include"
#include "..." search starts here:
#include <...> search starts here:
 ./Libs/glfw-3.4.bin.WIN64/include
 C:/Users/famal/msys2/ucrt64/bin/../lib/gcc/x86_64-w64-mingw32/16.1.0/include
 C:/Users/famal/msys2/ucrt64/bin/../lib/gcc/x86_64-w64-mingw32/16.1.0/../../../../include
 C:/Users/famal/msys2/ucrt64/bin/../lib/gcc/x86_64-w64-mingw32/16.1.0/include-fixed
End of search list.
Compiler executable checksum: 8ce1135867793bb4ef554b26be63cf3e
COLLECT_GCC_OPTIONS='-v' '-o' 'compilatio.exe' '-D' 'GLFW_DLL' '-I' './Libs/glfw-3.4.bin.WIN64/include' '-Wall' '-mtune=generic' '-march=nocona' '-dumpdir' 'compilatio-'
 C:/Users/famal/msys2/ucrt64/bin/../lib/gcc/x86_64-w64-mingw32/16.1.0/../../../../x86_64-w64-mingw32/bin/as.exe -v -I ./Libs/glfw-3.4.bin.WIN64/include -o C:\Users\famal\AppData\Local\Temp\cc0AXYo1.o C:\Users\famal\AppData\Local\Temp\cc8L2y7Z.s
COMPILER_PATH=C:/Users/famal/msys2/ucrt64/bin/../lib/gcc/x86_64-w64-mingw32/16.1.0/;C:/Users/famal/msys2/ucrt64/bin/../lib/gcc/;C:/Users/famal/msys2/ucrt64/bin/../lib/gcc/x86_64-w64-mingw32/16.1.0/../../../../x86_64-w64-mingw32/bin/
LIBRARY_PATH=C:/Users/famal/msys2/ucrt64/bin/../lib/gcc/x86_64-w64-mingw32/16.1.0/;C:/Users/famal/msys2/ucrt64/bin/../lib/gcc/;C:/Users/famal/msys2/ucrt64/bin/../lib/gcc/x86_64-w64-mingw32/16.1.0/../../../../x86_64-w64-mingw32/lib/../lib/;C:/Users/famal/msys2/ucrt64/bin/../lib/gcc/x86_64-w64-mingw32/16.1.0/../../../../lib/;C:/Users/famal/msys2/ucrt64/bin/../lib/gcc/x86_64-w64-mingw32/16.1.0/../../../../x86_64-w64-mingw32/lib/;C:/Users/famal/msys2/ucrt64/bin/../lib/gcc/x86_64-w64-mingw32/16.1.0/../../../
COLLECT_GCC_OPTIONS='-v' '-o' 'compilatio.exe' '-D' 'GLFW_DLL' '-I' './Libs/glfw-3.4.bin.WIN64/include' '-Wall' '-mtune=generic' '-march=nocona' '-dumpdir' 'compilatio.'
 C:/Users/famal/msys2/ucrt64/bin/../lib/gcc/x86_64-w64-mingw32/16.1.0/collect2.exe -plugin C:/Users/famal/msys2/ucrt64/bin/../lib/gcc/x86_64-w64-mingw32/16.1.0/liblto_plugin.dll -plugin-opt=C:/Users/famal/msys2/ucrt64/bin/../lib/gcc/x86_64-w64-mingw32/16.1.0/lto-wrapper.exe -plugin-opt=-fresolution=C:\Users\famal\AppData\Local\Temp\ccKhKRI3.res -plugin-opt=-pass-through=-lmingw32 -plugin-opt=-pass-through=-lgcc -plugin-opt=-pass-through=-lgcc_eh -plugin-opt=-pass-through=-lmingwex -plugin-opt=-pass-through=-lmsvcrt -plugin-opt=-pass-through=-lkernel32 -plugin-opt=-pass-through=-lpthread -plugin-opt=-pass-through=-ladvapi32 -plugin-opt=-pass-through=-lshell32 -plugin-opt=-pass-through=-luser32 -plugin-opt=-pass-through=-lkernel32 -plugin-opt=-pass-through=-lmingw32 -plugin-opt=-pass-through=-lgcc -plugin-opt=-pass-through=-lgcc_eh -plugin-opt=-pass-through=-lmingwex -plugin-opt=-pass-through=-lmsvcrt -plugin-opt=-pass-through=-lkernel32 -m i386pep -Bdynamic -o compilatio.exe C:/Users/famal/msys2/ucrt64/bin/../lib/gcc/x86_64-w64-mingw32/16.1.0/../../../../lib/crt2.o C:/Users/famal/msys2/ucrt64/bin/../lib/gcc/x86_64-w64-mingw32/16.1.0/crtbegin.o -LC:/Users/famal/msys2/ucrt64/bin/../lib/gcc/x86_64-w64-mingw32/16.1.0 -LC:/Users/famal/msys2/ucrt64/bin/../lib/gcc -LC:/Users/famal/msys2/ucrt64/bin/../lib/gcc/x86_64-w64-mingw32/16.1.0/../../../../x86_64-w64-mingw32/lib/../lib -LC:/Users/famal/msys2/ucrt64/bin/../lib/gcc/x86_64-w64-mingw32/16.1.0/../../../../lib -LC:/Users/famal/msys2/ucrt64/bin/../lib/gcc/x86_64-w64-mingw32/16.1.0/../../../../x86_64-w64-mingw32/lib -LC:/Users/famal/msys2/ucrt64/bin/../lib/gcc/x86_64-w64-mingw32/16.1.0/../../.. C:\Users\famal\AppData\Local\Temp\cc0AXYo1.o ./Libs/glfw-3.4.bin.WIN64/lib-mingw-w64/libglfw3dll.a -lgdi32 -lmingw32 -lgcc -lgcc_eh -lmingwex -lmsvcrt -lkernel32 -lpthread -ladvapi32 -lshell32 -luser32 -lkernel32 -lmingw32 -lgcc -lgcc_eh -lmingwex -lmsvcrt -lkernel32 C:/Users/famal/msys2/ucrt64/bin/../lib/gcc/x86_64-w64-mingw32/16.1.0/../../../../lib/default-manifest.o C:/Users/famal/msys2/ucrt64/bin/../lib/gcc/x86_64-w64-mingw32/16.1.0/crtend.o
collect2.exe: error: ld returned 1 exit status
make: *** [makefile:3: build] Error 1
